// Jest Snapshot v1, https://goo.gl/fbAQLP

exports[`renders without crashing 1`] = `
<form
  onSubmit={[Function]}
>
  <fieldset>
    <label
      htmlFor="view-forgotPassword--email"
    >
      Email
      <input
        id="view-forgotPassword--email"
        name="email"
        onChange={[Function]}
        required={true}
        type="email"
        value=""
      />
    </label>
  </fieldset>
  <button
    type="submit"
  >
    Submit
  </button>
  <ul>
    <li>
      <a
        href="/login"
        onClick={[Function]}
      >
        Login
      </a>
    </li>
  </ul>
</form>
`;
