// Jest Snapshot v1, https://goo.gl/fbAQLP

exports[`renders without crashing 1`] = `
<form
  onSubmit={[Function]}
>
  <fieldset>
    <label
      htmlFor="setPasswordEmail"
    >
      Email
      <input
        id="setPasswordEmail"
        name="password"
        onChange={[Function]}
        required={true}
        type="password"
        value=""
      />
    </label>
  </fieldset>
  <button
    type="submit"
  >
    Submit
  </button>
</form>
`;
